
> coms-app@0.1.0 build
> next build

Ôû▓ Next.js 16.1.6 (Turbopack)
- Environments: .env.local

  Creating an optimized production build ...
Ô£ô Compiled successfully in 15.0s
  Running TypeScript ...
  Collecting page data using 7 workers ...
  Generating static pages using 7 workers (0/38) ...
  Generating static pages using 7 workers (9/38) 
  Generating static pages using 7 workers (18/38) 
  Generating static pages using 7 workers (28/38) 
Ô£ô Generating static pages using 7 workers (38/38) in 1266.4ms
  Finalizing page optimization ...

Route (app)
Ôöî Ôùï /
Ôö£ Ôùï /_not-found
Ôö£ Ôùï /about
Ôö£ Ôùï /admin
Ôö£ ãÆ /api/day-pass
Ôö£ ãÆ /api/day-pass/verify/[passCode]
Ôö£ ãÆ /api/posts
Ôö£ ãÆ /api/posts/[id]
Ôö£ ãÆ /api/posts/[id]/comments
Ôö£ ãÆ /api/posts/[id]/comments/[commentId]/replies
Ôö£ ãÆ /api/posts/[id]/comments/[commentId]/upvote
Ôö£ ãÆ /api/posts/[id]/upvote
Ôö£ ãÆ /api/requests/booking
Ôö£ ãÆ /api/requests/booking/[id]
Ôö£ ãÆ /api/requests/contact
Ôö£ ãÆ /api/requests/contact/[id]
Ôö£ ãÆ /api/requests/invoices
Ôö£ ãÆ /api/requests/quote
Ôö£ ãÆ /api/requests/quote/[id]
Ôö£ ãÆ /api/requests/stats
Ôö£ ãÆ /api/requests/visit
Ôö£ ãÆ /api/requests/visit/[id]
Ôö£ ãÆ /api/users
Ôö£ ãÆ /api/users/[id]
Ôö£ ãÆ /api/users/login
Ôö£ ãÆ /api/users/profile
Ôö£ ãÆ /api/workspaces
Ôö£ ãÆ /api/workspaces/[id]
Ôö£ ãÆ /api/workspaces/[id]/images
Ôö£ ãÆ /api/workspaces/community
Ôö£ ãÆ /api/workspaces/my-workspace
Ôö£ Ôùï /authenticator
Ôö£ Ôùï /blog
Ôö£ Ôùï /careers
Ôö£ Ôùï /contact
Ôö£ Ôùï /dashboard
Ôö£ Ôùï /day-pass
Ôö£ Ôùï /enterprise
Ôö£ Ôùï /get-quote
Ôö£ Ôùï /help-center
Ôö£ Ôùï /integrations
Ôö£ Ôùï /login
Ôö£ Ôùï /press
Ôö£ Ôùï /pricing
Ôö£ Ôùï /privacy-policy
Ôö£ ãÆ /reset-password/[token]
Ôö£ Ôùï /terms-of-service
Ôö£ Ôùï /workspaces
Ôöö ãÆ /workspaces/[id]

Route (pages)
ÔöÇ Ôùï /Index (817 ms)

Ôùï  (Static)   prerendered as static content
ãÆ  (Dynamic)  server-rendered on demand

