src/app/(dashboard)/dashboard/page.tsx(146,51): error TS2339: Property '_id' does not exist on type 'string'.
