src/app/(dashboard)/dashboard/page.tsx(57,8): error TS2307: Cannot find module '@/components/ui/sidebar' or its corresponding type declarations.
src/app/(dashboard)/dashboard/page.tsx(67,8): error TS2307: Cannot find module '@/components/ui/alert-dialog' or its corresponding type declarations.
src/app/(dashboard)/dashboard/page.tsx(76,8): error TS2307: Cannot find module '@/components/ui/dialog' or its corresponding type declarations.
src/app/(dashboard)/dashboard/page.tsx(82,8): error TS2307: Cannot find module '@/components/ui/tabs' or its corresponding type declarations.
src/app/(dashboard)/dashboard/page.tsx(89,8): error TS2307: Cannot find module '@/components/ui/select' or its corresponding type declarations.
src/app/(dashboard)/dashboard/page.tsx(90,24): error TS2307: Cannot find module '@/components/ui/button' or its corresponding type declarations.
src/app/(dashboard)/dashboard/page.tsx(91,23): error TS2307: Cannot find module '@/components/ui/badge' or its corresponding type declarations.
src/app/(dashboard)/dashboard/page.tsx(93,25): error TS2307: Cannot find module '@/assets/cohort-logo.png' or its corresponding type declarations.
src/app/(dashboard)/dashboard/page.tsx(94,396): error TS2307: Cannot find module '@/lib/api' or its corresponding type declarations.
src/app/(dashboard)/dashboard/page.tsx(95,27): error TS2307: Cannot find module '@/data/workspaces' or its corresponding type declarations.
src/app/(dashboard)/dashboard/page.tsx(96,41): error TS2307: Cannot find module '@/lib/constants' or its corresponding type declarations.
src/app/(dashboard)/dashboard/page.tsx(97,31): error TS2307: Cannot find module '@/components/layout/ThemeSwitcher' or its corresponding type declarations.
src/app/(dashboard)/dashboard/page.tsx(98,23): error TS2307: Cannot find module '@/components/ui/input' or its corresponding type declarations.
src/app/(dashboard)/dashboard/page.tsx(99,23): error TS2307: Cannot find module '@/components/ui/label' or its corresponding type declarations.
src/app/(dashboard)/dashboard/page.tsx(100,26): error TS2307: Cannot find module '@/components/ui/textarea' or its corresponding type declarations.
src/app/(dashboard)/dashboard/page.tsx(105,8): error TS2307: Cannot find module '@/components/ui/popover' or its corresponding type declarations.
src/app/(dashboard)/dashboard/page.tsx(106,28): error TS2307: Cannot find module '@/components/ui/scroll-area' or its corresponding type declarations.
src/app/(dashboard)/dashboard/page.tsx(108,32): error TS2307: Cannot find module '@/components/ui/date-time-picker' or its corresponding type declarations.
src/app/(dashboard)/dashboard/page.tsx(1893,118): error TS2304: Cannot find name 'formatDisplayDate'.
src/app/(dashboard)/dashboard/page.tsx(1911,124): error TS2304: Cannot find name 'handlePayInvoice'.
src/app/(dashboard)/dashboard/page.tsx(1951,126): error TS2304: Cannot find name 'formatDisplayDate'.
src/app/(dashboard)/dashboard/page.tsx(1955,126): error TS2304: Cannot find name 'getEndDate'.
